<html>
<body>
<pre>
<h1>µVision Build Log</h1>
<h2>Tool Versions:</h2>
IDE-Version: ¦ÌVision V5.14.0.0
Copyright (C) 2015 ARM Ltd and ARM Germany GmbH. All rights reserved.
License Information: hhj wh, whu, LIC=EPPDY-IS6R9-168QV-P5UG0-HRE77-MWXRX
 
Tool Versions:
Toolchain:       MDK-ARM Professional  Version: 5.14.0.0
Toolchain Path:  D:\Keil_v5\ARM\ARMCC\Bin
C Compiler:      Armcc.exe V5.05 update 1 (build 106)
Assembler:       Armasm.exe V5.05 update 1 (build 106)
Linker/Locator:  ArmLink.exe V5.05 update 1 (build 106)
Library Manager: ArmAr.exe V5.05 update 1 (build 106)
Hex Converter:   FromElf.exe V5.05 update 1 (build 106)
CPU DLL:         SARMCM3.DLL V5.14.0.0
Dialog DLL:      DCM.DLL V1.13.1.0
Target DLL:      STLink\ST-LINKIII-KEIL_SWO.dll V2.0.14.0_KEIL
Dialog DLL:      TCM.DLL V1.14.4.0
 
<h2>Project:</h2>
C:\Users\wh\Desktop\gw2 blue mesh - new wave\SMARTCORE\MDK-ARM\SMARTCORE.uvprojx
Project File Date:  08/24/2017

<h2>Output:</h2>
Build target 'SMARTCORE'
compiling main.c...
../Src/main.c(203): warning:  #186-D: pointless comparison of unsigned integer with zero
                        if(LightOutputTable[i+11] < 0 )
../Src/main.c(155): warning:  #177-D: variable "j" was declared but never referenced
        uint8_t i,j;
../Src/main.c(350): warning:  #177-D: function "MX_USART3_UART_Init" was declared but never referenced
  static void MX_USART3_UART_Init(void)
../Src/main.c: 3 warnings, 0 errors
linking...
Program Size: Code=7344 RO-data=360 RW-data=176 ZI-data=2208  
FromELF: creating hex file...
"SMARTCORE\SMARTCORE.axf" - 0 Error(s), 3 Warning(s).

<h2>Software Packages used:</h2>

Package Vendor: ARM
                http://www.keil.com/pack/ARM.CMSIS.4.2.0.pack
                ARM::CMSIS:CORE:3.40.0
                CMSIS (Cortex Microcontroller Software Interface Standard)
   * Component: CORE Version: 3.40.0

<h2>Collection of Component include folders:</h2>
  C:\Users\wh\Desktop\gw2 blue mesh - new wave\SMARTCORE\MDK-ARM\RTE
  D:\Keil_v5\ARM\PACK\ARM\CMSIS\4.2.0\CMSIS\Include
  D:\Keil_v5\ARM\PACK\Keil\STM32F1xx_DFP\2.2.0

<h2>Collection of Component Files used:</h2>

   * Component: ARM::CMSIS:CORE:3.40.0
      Source file:   CMSIS\UserCodeTemplates\ARM\ITM_Retarget.c
</pre>
</body>
</html>
